v3.5: time=30.0s/instance, n=5/set
set    inst    N   util %   time s
BR1       1  112   90.97     30.2
BR1       2  138   91.35     30.4
BR1       3  127   83.06     30.0
BR1       4  197   87.42     30.0
BR1       5  136   87.95     30.6
  BR1 mean=88.15%  stdev=3.34  min=83.06  max=91.35
BR3       1   94   89.71     30.4
BR3       2  115   92.72     31.5
BR3       3  143   85.63     30.2
BR3       4  185   87.15     33.5
BR3       5  113   90.14     30.9
  BR3 mean=89.07%  stdev=2.75  min=85.63  max=92.72
BR5       1   98   88.65     30.6
BR5       2  138   89.84     33.2
BR5       3  133   83.66     33.6
BR5       4  142   88.45     31.8
BR5       5  129   88.41     31.5
  BR5 mean=87.80%  stdev=2.39  min=83.66  max=89.84
BR7       1  110   88.51     30.9
BR7       2  129   88.05     33.0
BR7       3  126   86.45     32.5
BR7       4  153   88.06     35.0
BR7       5  126   86.30     31.8
  BR7 mean=87.47%  stdev=1.02  min=86.30  max=88.51

=== Summary vs prior baselines ===
set        v1     v2   v3-fast     v3.5   BR-95   Bortf    2013
BR1     81.6   84.2      85.2    88.15    83.1    87.8    92.6
BR3     79.6   82.2      83.0    89.07    79.5    85.6    90.5
BR5     79.0   81.0      82.9    87.80    76.3    83.0    88.7
BR7     78.2   79.8      82.8    87.47    73.2    80.1    85.4
